00:00 +0: loading /Users/goodbits/Desktop/GoodBits/Flutter/nuevo_app/test/data/repositories/auth_repository_impl_test.dart                                                                             00:01 +0: loading /Users/goodbits/Desktop/GoodBits/Flutter/nuevo_app/test/data/repositories/auth_repository_impl_test.dart                                                                             test/data/repositories/auth_repository_impl_test.dart:40:5: Error: No named parameter with the name 'name'.
    name: tName,
    ^^^^
lib/data/models/user_model.dart:25:9: Context: Found this candidate, but the arguments don't match.
  const UserModel({
        ^^^^^^^^^
test/data/repositories/auth_repository_impl_test.dart:43:30: Error: Method not found: 'LoginResponseData'.
  const tLoginResponseData = LoginResponseData(
                             ^^^^^^^^^^^^^^^^^
test/data/repositories/auth_repository_impl_test.dart:48:36: Error: 'LoginResponseData' isn't a type.
  const tApiResponse = ApiResponse<LoginResponseData>(
                                   ^^^^^^^^^^^^^^^^^
test/data/repositories/auth_repository_impl_test.dart:109:9: Error: No named parameter with the name 'name'.
        name: tName,
        ^^^^
00:02 +0: loading /Users/goodbits/Desktop/GoodBits/Flutter/nuevo_app/test/data/repositories/auth_repository_impl_test.dart                                                                             00:02 +0 -1: loading /Users/goodbits/Desktop/GoodBits/Flutter/nuevo_app/test/data/repositories/auth_repository_impl_test.dart [E]                                                                      
  Failed to load "/Users/goodbits/Desktop/GoodBits/Flutter/nuevo_app/test/data/repositories/auth_repository_impl_test.dart":
  Compilation failed for testPath=/Users/goodbits/Desktop/GoodBits/Flutter/nuevo_app/test/data/repositories/auth_repository_impl_test.dart: test/data/repositories/auth_repository_impl_test.dart:40:5: Error: No named parameter with the name 'name'.
      name: tName,
      ^^^^
  lib/data/models/user_model.dart:25:9: Context: Found this candidate, but the arguments don't match.
    const UserModel({
          ^^^^^^^^^
  test/data/repositories/auth_repository_impl_test.dart:43:30: Error: Method not found: 'LoginResponseData'.
    const tLoginResponseData = LoginResponseData(
                               ^^^^^^^^^^^^^^^^^
  test/data/repositories/auth_repository_impl_test.dart:48:36: Error: 'LoginResponseData' isn't a type.
    const tApiResponse = ApiResponse<LoginResponseData>(
                                     ^^^^^^^^^^^^^^^^^
  test/data/repositories/auth_repository_impl_test.dart:109:9: Error: No named parameter with the name 'name'.
          name: tName,
          ^^^^
  .

To run this test again: /usr/local/share/flutter/bin/cache/dart-sdk/bin/dart test /Users/goodbits/Desktop/GoodBits/Flutter/nuevo_app/test/data/repositories/auth_repository_impl_test.dart -p vm --plain-name 'loading /Users/goodbits/Desktop/GoodBits/Flutter/nuevo_app/test/data/repositories/auth_repository_impl_test.dart'
  Error: The Dart compiler exited unexpectedly.
  package:flutter_tools/src/base/common.dart 34:3  throwToolExit
  package:flutter_tools/src/compile.dart 911:11    DefaultResidentCompiler._compile.<fn>
  dart:async/zone.dart 1538:47                     _rootRunUnary
  dart:async/zone.dart 1429:19                     _CustomZone.runUnary
  dart:async/future_impl.dart 948:45               Future._propagateToListeners.handleValueCallback
  dart:async/future_impl.dart 977:13               Future._propagateToListeners
  dart:async/future_impl.dart 862:9                Future._propagateToListeners
  dart:async/future_impl.dart 720:5                Future._completeWithValue
  dart:async/future_impl.dart 804:7                Future._asyncCompleteWithValue.<fn>
  dart:async/zone.dart 1525:13                     _rootRun
  dart:async/zone.dart 1422:19                     _CustomZone.run
  dart:async/zone.dart 1321:7                      _CustomZone.runGuarded
  dart:async/zone.dart 1362:23                     _CustomZone.bindCallbackGuarded.<fn>
  dart:async/schedule_microtask.dart 40:35         _microtaskLoop
  dart:async/schedule_microtask.dart 49:5          _startMicrotaskLoop
  dart:isolate-patch/isolate_patch.dart 127:13     _runPendingImmediateCallback
  dart:isolate-patch/isolate_patch.dart 194:5      _RawReceivePort._handleMessage
  
00:06 +0 -1: loading /Users/goodbits/Desktop/GoodBits/Flutter/nuevo_app/test/domain/usecases/auth/signup_usecase_test.dart                                                                             00:06 +0 -1: /Users/goodbits/Desktop/GoodBits/Flutter/nuevo_app/test/domain/usecases/auth/signup_usecase_test.dart: SignupUseCase should return User when signup is successful                         00:06 +1 -1: /Users/goodbits/Desktop/GoodBits/Flutter/nuevo_app/test/domain/usecases/auth/signup_usecase_test.dart: SignupUseCase should return User when signup is successful                         00:06 +1 -1: /Users/goodbits/Desktop/GoodBits/Flutter/nuevo_app/test/domain/usecases/auth/signup_usecase_test.dart: SignupUseCase should work without phone number                                     00:06 +2 -1: /Users/goodbits/Desktop/GoodBits/Flutter/nuevo_app/test/domain/usecases/auth/signup_usecase_test.dart: SignupUseCase should work without phone number                                     00:06 +2 -1: /Users/goodbits/Desktop/GoodBits/Flutter/nuevo_app/test/domain/usecases/auth/signup_usecase_test.dart: SignupUseCase should return AuthFailure when email already exists                  00:06 +3 -1: /Users/goodbits/Desktop/GoodBits/Flutter/nuevo_app/test/domain/usecases/auth/signup_usecase_test.dart: SignupUseCase should return AuthFailure when email already exists                  00:06 +3 -1: /Users/goodbits/Desktop/GoodBits/Flutter/nuevo_app/test/domain/usecases/auth/signup_usecase_test.dart: SignupUseCase should return ValidationFailure when data is invalid                 00:06 +4 -1: /Users/goodbits/Desktop/GoodBits/Flutter/nuevo_app/test/domain/usecases/auth/signup_usecase_test.dart: SignupUseCase should return ValidationFailure when data is invalid                 00:06 +4 -1: /Users/goodbits/Desktop/GoodBits/Flutter/nuevo_app/test/domain/usecases/auth/signup_usecase_test.dart: SignupParams should be equal when all properties are the same                      00:06 +5 -1: /Users/goodbits/Desktop/GoodBits/Flutter/nuevo_app/test/domain/usecases/auth/signup_usecase_test.dart: SignupParams should be equal when all properties are the same                      00:06 +5 -1: /Users/goodbits/Desktop/GoodBits/Flutter/nuevo_app/test/domain/usecases/auth/signup_usecase_test.dart: SignupParams should handle null phone number in equality                           00:06 +6 -1: /Users/goodbits/Desktop/GoodBits/Flutter/nuevo_app/test/domain/usecases/auth/signup_usecase_test.dart: SignupParams should handle null phone number in equality                           00:06 +6 -1: /Users/goodbits/Desktop/GoodBits/Flutter/nuevo_app/test/domain/usecases/auth/signup_usecase_test.dart: SignupParams props should contain all fields including nullable phone              00:06 +7 -1: /Users/goodbits/Desktop/GoodBits/Flutter/nuevo_app/test/domain/usecases/auth/signup_usecase_test.dart: SignupParams props should contain all fields including nullable phone              00:07 +7 -1: /Users/goodbits/Desktop/GoodBits/Flutter/nuevo_app/test/domain/usecases/auth/signup_usecase_test.dart: SignupParams props should contain all fields including nullable phone              00:07 +7 -1: loading /Users/goodbits/Desktop/GoodBits/Flutter/nuevo_app/test/domain/usecases/auth/login_usecase_test.dart                                                                              00:07 +7 -1: /Users/goodbits/Desktop/GoodBits/Flutter/nuevo_app/test/domain/usecases/auth/login_usecase_test.dart: LoginUseCase should return User when login is successful                            00:07 +8 -1: /Users/goodbits/Desktop/GoodBits/Flutter/nuevo_app/test/domain/usecases/auth/login_usecase_test.dart: LoginUseCase should return User when login is successful                            00:07 +8 -1: /Users/goodbits/Desktop/GoodBits/Flutter/nuevo_app/test/domain/usecases/auth/login_usecase_test.dart: LoginUseCase should return AuthFailure when credentials are invalid                 00:07 +9 -1: /Users/goodbits/Desktop/GoodBits/Flutter/nuevo_app/test/domain/usecases/auth/login_usecase_test.dart: LoginUseCase should return AuthFailure when credentials are invalid                 00:07 +9 -1: /Users/goodbits/Desktop/GoodBits/Flutter/nuevo_app/test/domain/usecases/auth/login_usecase_test.dart: LoginUseCase should return NetworkFailure when there is no internet                 00:07 +10 -1: /Users/goodbits/Desktop/GoodBits/Flutter/nuevo_app/test/domain/usecases/auth/login_usecase_test.dart: LoginUseCase should return NetworkFailure when there is no internet                00:07 +10 -1: /Users/goodbits/Desktop/GoodBits/Flutter/nuevo_app/test/domain/usecases/auth/login_usecase_test.dart: LoginUseCase should return ServerFailure when server error occurs                  00:07 +11 -1: /Users/goodbits/Desktop/GoodBits/Flutter/nuevo_app/test/domain/usecases/auth/login_usecase_test.dart: LoginUseCase should return ServerFailure when server error occurs                  00:07 +11 -1: /Users/goodbits/Desktop/GoodBits/Flutter/nuevo_app/test/domain/usecases/auth/login_usecase_test.dart: LoginParams should be equal when properties are the same                           00:07 +12 -1: /Users/goodbits/Desktop/GoodBits/Flutter/nuevo_app/test/domain/usecases/auth/login_usecase_test.dart: LoginParams should be equal when properties are the same                           00:07 +12 -1: /Users/goodbits/Desktop/GoodBits/Flutter/nuevo_app/test/domain/usecases/auth/login_usecase_test.dart: LoginParams should not be equal when properties are different                      00:07 +13 -1: /Users/goodbits/Desktop/GoodBits/Flutter/nuevo_app/test/domain/usecases/auth/login_usecase_test.dart: LoginParams should not be equal when properties are different                      00:07 +13 -1: /Users/goodbits/Desktop/GoodBits/Flutter/nuevo_app/test/domain/usecases/auth/login_usecase_test.dart: LoginParams props should contain email and password                                00:07 +14 -1: /Users/goodbits/Desktop/GoodBits/Flutter/nuevo_app/test/domain/usecases/auth/login_usecase_test.dart: LoginParams props should contain email and password                                00:08 +14 -1: /Users/goodbits/Desktop/GoodBits/Flutter/nuevo_app/test/domain/usecases/auth/login_usecase_test.dart: LoginParams props should contain email and password                                00:09 +14 -1: /Users/goodbits/Desktop/GoodBits/Flutter/nuevo_app/test/domain/usecases/auth/login_usecase_test.dart: LoginParams props should contain email and password                                00:09 +14 -1: loading /Users/goodbits/Desktop/GoodBits/Flutter/nuevo_app/test/domain/usecases/subscription/check_feature_access_usecase_test.dart                                                      00:09 +14 -1: /Users/goodbits/Desktop/GoodBits/Flutter/nuevo_app/test/domain/usecases/subscription/check_feature_access_usecase_test.dart: ... should return true when feature is unlocked             00:09 +15 -1: /Users/goodbits/Desktop/GoodBits/Flutter/nuevo_app/test/domain/usecases/subscription/check_feature_access_usecase_test.dart: ... should return true when feature is unlocked             00:09 +15 -1: /Users/goodbits/Desktop/GoodBits/Flutter/nuevo_app/test/domain/usecases/subscription/check_feature_access_usecase_test.dart: ... should return false when feature is locked              00:09 +16 -1: /Users/goodbits/Desktop/GoodBits/Flutter/nuevo_app/test/domain/usecases/subscription/check_feature_access_usecase_test.dart: ... should return false when feature is locked              00:09 +16 -1: /Users/goodbits/Desktop/GoodBits/Flutter/nuevo_app/test/domain/usecases/subscription/check_feature_access_usecase_test.dart: ... should check video consultations feature                00:09 +17 -1: /Users/goodbits/Desktop/GoodBits/Flutter/nuevo_app/test/domain/usecases/subscription/check_feature_access_usecase_test.dart: ... should check video consultations feature                00:09 +17 -1: /Users/goodbits/Desktop/GoodBits/Flutter/nuevo_app/test/domain/usecases/subscription/check_feature_access_usecase_test.dart: ... should check wellness reset feature                     00:09 +18 -1: /Users/goodbits/Desktop/GoodBits/Flutter/nuevo_app/test/domain/usecases/subscription/check_feature_access_usecase_test.dart: ... should check wellness reset feature                     00:09 +18 -1: /Users/goodbits/Desktop/GoodBits/Flutter/nuevo_app/test/domain/usecases/subscription/check_feature_access_usecase_test.dart: ... should check health tracking feature                    00:09 +19 -1: /Users/goodbits/Desktop/GoodBits/Flutter/nuevo_app/test/domain/usecases/subscription/check_feature_access_usecase_test.dart: ... should check health tracking feature                    00:09 +19 -1: /Users/goodbits/Desktop/GoodBits/Flutter/nuevo_app/test/domain/usecases/subscription/check_feature_access_usecase_test.dart: ... return SubscriptionFailure when subscription check fails00:09 +20 -1: /Users/goodbits/Desktop/GoodBits/Flutter/nuevo_app/test/domain/usecases/subscription/check_feature_access_usecase_test.dart: ... return SubscriptionFailure when subscription check fails00:09 +20 -1: /Users/goodbits/Desktop/GoodBits/Flutter/nuevo_app/test/domain/usecases/subscription/check_feature_access_usecase_test.dart: ... should return AuthFailure when user is not authenticated00:09 +21 -1: /Users/goodbits/Desktop/GoodBits/Flutter/nuevo_app/test/domain/usecases/subscription/check_feature_access_usecase_test.dart: ... should return AuthFailure when user is not authenticated00:09 +21 -1: /Users/goodbits/Desktop/GoodBits/Flutter/nuevo_app/test/domain/usecases/subscription/check_feature_access_usecase_test.dart: ... should return NetworkFailure when there is no internet  00:09 +22 -1: /Users/goodbits/Desktop/GoodBits/Flutter/nuevo_app/test/domain/usecases/subscription/check_feature_access_usecase_test.dart: ... should return NetworkFailure when there is no internet  00:09 +22 -1: /Users/goodbits/Desktop/GoodBits/Flutter/nuevo_app/test/domain/usecases/subscription/check_feature_access_usecase_test.dart: ... should be equal when feature names are the same         00:09 +23 -1: /Users/goodbits/Desktop/GoodBits/Flutter/nuevo_app/test/domain/usecases/subscription/check_feature_access_usecase_test.dart: ... should be equal when feature names are the same         00:09 +23 -1: /Users/goodbits/Desktop/GoodBits/Flutter/nuevo_app/test/domain/usecases/subscription/check_feature_access_usecase_test.dart: ... should not be equal when feature names are different    00:09 +24 -1: /Users/goodbits/Desktop/GoodBits/Flutter/nuevo_app/test/domain/usecases/subscription/check_feature_access_usecase_test.dart: ... should not be equal when feature names are different    00:09 +24 -1: /Users/goodbits/Desktop/GoodBits/Flutter/nuevo_app/test/domain/usecases/subscription/check_feature_access_usecase_test.dart: FeatureParams props should contain feature name             00:09 +25 -1: /Users/goodbits/Desktop/GoodBits/Flutter/nuevo_app/test/domain/usecases/subscription/check_feature_access_usecase_test.dart: FeatureParams props should contain feature name             00:10 +25 -1: /Users/goodbits/Desktop/GoodBits/Flutter/nuevo_app/test/domain/usecases/subscription/check_feature_access_usecase_test.dart: FeatureParams props should contain feature name             00:10 +25 -1: loading /Users/goodbits/Desktop/GoodBits/Flutter/nuevo_app/test/domain/usecases/subscription/is_subscription_active_usecase_test.dart                                                    00:10 +25 -1: /Users/goodbits/Desktop/GoodBits/Flutter/nuevo_app/test/domain/usecases/subscription/is_subscription_active_usecase_test.dart: ... should return true when subscription is active        00:10 +26 -1: /Users/goodbits/Desktop/GoodBits/Flutter/nuevo_app/test/domain/usecases/subscription/is_subscription_active_usecase_test.dart: ... should return true when subscription is active        00:10 +26 -1: /Users/goodbits/Desktop/GoodBits/Flutter/nuevo_app/test/domain/usecases/subscription/is_subscription_active_usecase_test.dart: ... should return false when subscription is inactive     00:10 +27 -1: /Users/goodbits/Desktop/GoodBits/Flutter/nuevo_app/test/domain/usecases/subscription/is_subscription_active_usecase_test.dart: ... should return false when subscription is inactive     00:10 +27 -1: /Users/goodbits/Desktop/GoodBits/Flutter/nuevo_app/test/domain/usecases/subscription/is_subscription_active_usecase_test.dart: ... should return SubscriptionFailure when check fails    00:10 +28 -1: /Users/goodbits/Desktop/GoodBits/Flutter/nuevo_app/test/domain/usecases/subscription/is_subscription_active_usecase_test.dart: ... should return SubscriptionFailure when check fails    00:10 +28 -1: /Users/goodbits/Desktop/GoodBits/Flutter/nuevo_app/test/domain/usecases/subscription/is_subscription_active_usecase_test.dart: ... return AuthFailure when user is not authenticated     00:10 +29 -1: /Users/goodbits/Desktop/GoodBits/Flutter/nuevo_app/test/domain/usecases/subscription/is_subscription_active_usecase_test.dart: ... return AuthFailure when user is not authenticated     00:10 +29 -1: /Users/goodbits/Desktop/GoodBits/Flutter/nuevo_app/test/domain/usecases/subscription/is_subscription_active_usecase_test.dart: ... should return NetworkFailure when there is no internet00:10 +30 -1: /Users/goodbits/Desktop/GoodBits/Flutter/nuevo_app/test/domain/usecases/subscription/is_subscription_active_usecase_test.dart: ... should return NetworkFailure when there is no internet00:11 +30 -1: /Users/goodbits/Desktop/GoodBits/Flutter/nuevo_app/test/domain/usecases/subscription/is_subscription_active_usecase_test.dart: ... should return NetworkFailure when there is no internet00:11 +30 -1: loading /Users/goodbits/Desktop/GoodBits/Flutter/nuevo_app/test/domain/usecases/subscription/get_subscription_status_usecase_test.dart                                                   00:11 +30 -1: /Users/goodbits/Desktop/GoodBits/Flutter/nuevo_app/test/domain/usecases/subscription/get_subscription_status_usecase_test.dart: ... Subscription when repository call is successful      00:11 +31 -1: /Users/goodbits/Desktop/GoodBits/Flutter/nuevo_app/test/domain/usecases/subscription/get_subscription_status_usecase_test.dart: ... Subscription when repository call is successful      00:11 +31 -1: /Users/goodbits/Desktop/GoodBits/Flutter/nuevo_app/test/domain/usecases/subscription/get_subscription_status_usecase_test.dart: ... return active subscription with correct features     00:11 +32 -1: /Users/goodbits/Desktop/GoodBits/Flutter/nuevo_app/test/domain/usecases/subscription/get_subscription_status_usecase_test.dart: ... return active subscription with correct features     00:11 +32 -1: ... GetSubscriptionStatusUseCase should return inactive subscription                                                                                                                     00:11 +33 -1: ... GetSubscriptionStatusUseCase should return inactive subscription                                                                                                                     00:11 +33 -1: ... GetSubscriptionStatusUseCase should return expired subscription                                                                                                                      00:11 +34 -1: ... GetSubscriptionStatusUseCase should return expired subscription                                                                                                                      00:11 +34 -1: /Users/goodbits/Desktop/GoodBits/Flutter/nuevo_app/test/domain/usecases/subscription/get_subscription_status_usecase_test.dart: ... return AuthFailure when user is not authenticated    00:11 +35 -1: /Users/goodbits/Desktop/GoodBits/Flutter/nuevo_app/test/domain/usecases/subscription/get_subscription_status_usecase_test.dart: ... return AuthFailure when user is not authenticated    00:11 +35 -1: /Users/goodbits/Desktop/GoodBits/Flutter/nuevo_app/test/domain/usecases/subscription/get_subscription_status_usecase_test.dart: ... return NetworkFailure when there is no internet      00:11 +36 -1: /Users/goodbits/Desktop/GoodBits/Flutter/nuevo_app/test/domain/usecases/subscription/get_subscription_status_usecase_test.dart: ... return NetworkFailure when there is no internet      00:11 +36 -1: /Users/goodbits/Desktop/GoodBits/Flutter/nuevo_app/test/domain/usecases/subscription/get_subscription_status_usecase_test.dart: ... should return ServerFailure when server error occurs 00:11 +37 -1: /Users/goodbits/Desktop/GoodBits/Flutter/nuevo_app/test/domain/usecases/subscription/get_subscription_status_usecase_test.dart: ... should return ServerFailure when server error occurs 00:11 +37 -1: /Users/goodbits/Desktop/GoodBits/Flutter/nuevo_app/test/domain/usecases/subscription/get_subscription_status_usecase_test.dart: NoParams should be a const class                         00:11 +38 -1: /Users/goodbits/Desktop/GoodBits/Flutter/nuevo_app/test/domain/usecases/subscription/get_subscription_status_usecase_test.dart: NoParams should be a const class                         00:12 +38 -1: /Users/goodbits/Desktop/GoodBits/Flutter/nuevo_app/test/domain/usecases/subscription/get_subscription_status_usecase_test.dart: NoParams should be a const class                         00:13 +38 -1: /Users/goodbits/Desktop/GoodBits/Flutter/nuevo_app/test/domain/usecases/subscription/get_subscription_status_usecase_test.dart: NoParams should be a const class                         00:13 +38 -1: loading /Users/goodbits/Desktop/GoodBits/Flutter/nuevo_app/test/presentation/screens/splash_screen_test.dart                                                                             00:13 +38 -1: /Users/goodbits/Desktop/GoodBits/Flutter/nuevo_app/test/presentation/screens/splash_screen_test.dart: SplashScreen renders logo and title                                                00:14 +38 -1: /Users/goodbits/Desktop/GoodBits/Flutter/nuevo_app/test/presentation/screens/splash_screen_test.dart: SplashScreen renders logo and title                                                00:14 +39 -1: /Users/goodbits/Desktop/GoodBits/Flutter/nuevo_app/test/presentation/screens/splash_screen_test.dart: SplashScreen renders logo and title                                                00:14 +39 -1: Some tests failed.                                                                                                                                                                       
